(16454, 121)
(20396, 121)
(27069, 421)
(32000, 2001)
(32000, 3001)
(23988, 26595)
(22860, 28355)
(21876, 29551)
(20608, 29763)
(14764, 30467)
(12652, 30395)
(10612, 29059)
(9064, 27791)
(7936, 25819)
(7516, 24199)
(2937, 3641)
(3855, 1602)
(10681, 193)
