(24690, 216)
(32420, 756)
(32706, 20013)
(32373, 20274)
(31776, 20523)
(13443, 28086)
(9252, 27747)
(8286, 27555)
(798, 22215)
(954, 11163)
(1833, 6300)
(3804, 1017)
(11196, 504)
